// Jest Snapshot v1, https://goo.gl/fbAQLP

exports[`<main /> should render the heading 1`] = `
.c0 {
  background-color: #06092b;
  color: #fff;
  width: 100vw;
  height: 100vh;
  padding: 3rem;
  text-align: center;
  display: flex;
  flex-direction: column;
  align-items: center;
  justify-content: center;
}

.c1 {
  width: 25rem;
  margin-bottom: 2rem;
}

.c2 {
  font-size: 2.5rem;
}

.c3 {
  font-size: 2rem;
  font-weight: 400;
}

.c4 {
  margin-top: 3rem;
  width: min(30rem,100%);
}

<main>
  <main
    class="c0"
  >
    <img
      alt="Imagem de um átomo e react avançado escrito ao lado"
      class="c1"
      src="/img/logo.svg"
    />
    <h1
      class="c2"
    >
      React Avançado
    </h1>
    <h2
      class="c3"
    >
      Typescript, ReactJs, NextJs e Styled Components
    </h2>
    <img
      alt="Imagem de um computador comuma pessoa sentada em uma cadeira utilizando o computador"
      class="c4"
      src="/img/hero-illustration.svg"
    />
  </main>
</main>
`;
